-- Reverse condition (> to <, < to >) --
package a

import "fmt"

func b() {
	i := 0
	for ; i > 10; i-- { // want "Loop direction seems to be wrong."
		fmt.Println(i)
	}
	i = 0
	for ; i >= 10; i-- { // want "Loop direction seems to be wrong."
		fmt.Println(i)
	}
	i = 0
	for ; 10 < i; i-- { // want "Loop direction seems to be wrong."
		fmt.Println(i)
	}
	i = 0
	for ; 10 <= i; i-- { // want "Loop direction seems to be wrong."
		fmt.Println(i)
	}

	i = 0
	for ; i < 10; i++ { // want "Loop direction seems to be wrong."
		fmt.Println(i)
	}
	for ; i <= 10; i++ { // want "Loop direction seems to be wrong."
		fmt.Println(i)
	}
	for ; 10 > i; i++ { // want "Loop direction seems to be wrong."
		fmt.Println(i)
	}
	for ; 10 >= i; i++ { // want "Loop direction seems to be wrong."
		fmt.Println(i)
	}
}

-- Reverse increment (++ to --, -- to ++) --
package a

import "fmt"

func b() {
	i := 0
	for ; i < 10; i++ { // want "Loop direction seems to be wrong."
		fmt.Println(i)
	}
	i = 0
	for ; i <= 10; i++ { // want "Loop direction seems to be wrong."
		fmt.Println(i)
	}
	i = 0
	for ; 10 > i; i++ { // want "Loop direction seems to be wrong."
		fmt.Println(i)
	}
	i = 0
	for ; 10 >= i; i++ { // want "Loop direction seems to be wrong."
		fmt.Println(i)
	}

	i = 0
	for ; i > 10; i-- { // want "Loop direction seems to be wrong."
		fmt.Println(i)
	}
	for ; i >= 10; i-- { // want "Loop direction seems to be wrong."
		fmt.Println(i)
	}
	for ; 10 < i; i-- { // want "Loop direction seems to be wrong."
		fmt.Println(i)
	}
	for ; 10 <= i; i-- { // want "Loop direction seems to be wrong."
		fmt.Println(i)
	}
}
